Analysis & Elaboration report for design
Thu Aug 29 03:16:43 2024
Quartus Prime Version 23.1std.1 Build 993 05/14/2024 SC Lite Edition


---------------------
; Table of Contents ;
---------------------
  1. Legal Notice
  2. Analysis & Elaboration Summary
  3. Parallel Compilation
  4. Parameter Settings for User Entity Instance: Top-level Entity: |TOP
  5. Parameter Settings for User Entity Instance: frequency:FREQUENCY
  6. Parameter Settings for User Entity Instance: movement:MOVEMENT
  7. Parameter Settings for User Entity Instance: movement:MOVEMENT|frequency_door:FD
  8. Parameter Settings for User Entity Instance: movement:MOVEMENT|frequency_move:FM
  9. Parameter Settings for User Entity Instance: movement:MOVEMENT|floor_types:FT
 10. Parameter Settings for User Entity Instance: movement:MOVEMENT|goal:GOAL
 11. Parameter Settings for User Entity Instance: movement:MOVEMENT|buttons:BT
 12. Analysis & Elaboration Settings
 13. Port Connectivity Checks: "movement:MOVEMENT|frequency_door:FD"
 14. Analysis & Elaboration Messages



----------------
; Legal Notice ;
----------------
Copyright (C) 2024  Intel Corporation. All rights reserved.
Your use of Intel Corporation's design tools, logic functions 
and other software and tools, and any partner logic 
functions, and any output files from any of the foregoing 
(including device programming or simulation files), and any 
associated documentation or information are expressly subject 
to the terms and conditions of the Intel Program License 
Subscription Agreement, the Intel Quartus Prime License Agreement,
the Intel FPGA IP License Agreement, or other applicable license
agreement, including, without limitation, that your use is for
the sole purpose of programming logic devices manufactured by
Intel and sold by Intel or its authorized distributors.  Please
refer to the applicable agreement for further details, at
https://fpgasoftware.intel.com/eula.



+-------------------------------------------------------------------------------------+
; Analysis & Elaboration Summary                                                      ;
+------------------------------------+------------------------------------------------+
; Analysis & Elaboration Status      ; Successful - Thu Aug 29 03:16:43 2024          ;
; Quartus Prime Version              ; 23.1std.1 Build 993 05/14/2024 SC Lite Edition ;
; Revision Name                      ; design                                         ;
; Top-level Entity Name              ; TOP                                            ;
; Family                             ; Cyclone IV E                                   ;
; Total logic elements               ; N/A until Partition Merge                      ;
;     Total combinational functions  ; N/A until Partition Merge                      ;
;     Dedicated logic registers      ; N/A until Partition Merge                      ;
; Total registers                    ; N/A until Partition Merge                      ;
; Total pins                         ; N/A until Partition Merge                      ;
; Total virtual pins                 ; N/A until Partition Merge                      ;
; Total memory bits                  ; N/A until Partition Merge                      ;
; Embedded Multiplier 9-bit elements ; N/A until Partition Merge                      ;
; Total PLLs                         ; N/A until Partition Merge                      ;
+------------------------------------+------------------------------------------------+


+------------------------------------------+
; Parallel Compilation                     ;
+----------------------------+-------------+
; Processors                 ; Number      ;
+----------------------------+-------------+
; Number detected on machine ; 16          ;
; Maximum allowed            ; 16          ;
;                            ;             ;
; Average used               ; 1.00        ;
; Maximum used               ; 1           ;
;                            ;             ;
; Usage by Processor         ; % Time Used ;
;     Processor 1            ; 100.0%      ;
+----------------------------+-------------+


+---------------------------------------------------------------------+
; Parameter Settings for User Entity Instance: Top-level Entity: |TOP ;
+----------------+-------+--------------------------------------------+
; Parameter Name ; Value ; Type                                       ;
+----------------+-------+--------------------------------------------+
; clk_freq       ; 1     ; Signed Integer                             ;
+----------------+-------+--------------------------------------------+
Note: In order to hide this table in the UI and the text report file, please set the "Show Parameter Settings in Synthesis Report" option in "Analysis and Synthesis Settings -> More Settings" to "Off".


+------------------------------------------------------------------+
; Parameter Settings for User Entity Instance: frequency:FREQUENCY ;
+----------------+-------+-----------------------------------------+
; Parameter Name ; Value ; Type                                    ;
+----------------+-------+-----------------------------------------+
; clk_freq       ; 1     ; Signed Integer                          ;
+----------------+-------+-----------------------------------------+
Note: In order to hide this table in the UI and the text report file, please set the "Show Parameter Settings in Synthesis Report" option in "Analysis and Synthesis Settings -> More Settings" to "Off".


+----------------------------------------------------------------+
; Parameter Settings for User Entity Instance: movement:MOVEMENT ;
+----------------+-------+---------------------------------------+
; Parameter Name ; Value ; Type                                  ;
+----------------+-------+---------------------------------------+
; labelF1        ; 00    ; Unsigned Binary                       ;
; labelF2        ; 01    ; Unsigned Binary                       ;
; labelF3        ; 10    ; Unsigned Binary                       ;
; door_time      ; 2     ; Signed Integer                        ;
; move_time      ; 5     ; Signed Integer                        ;
+----------------+-------+---------------------------------------+
Note: In order to hide this table in the UI and the text report file, please set the "Show Parameter Settings in Synthesis Report" option in "Analysis and Synthesis Settings -> More Settings" to "Off".


+----------------------------------------------------------------------------------+
; Parameter Settings for User Entity Instance: movement:MOVEMENT|frequency_door:FD ;
+----------------+-------+---------------------------------------------------------+
; Parameter Name ; Value ; Type                                                    ;
+----------------+-------+---------------------------------------------------------+
; door_time      ; 2     ; Signed Integer                                          ;
+----------------+-------+---------------------------------------------------------+
Note: In order to hide this table in the UI and the text report file, please set the "Show Parameter Settings in Synthesis Report" option in "Analysis and Synthesis Settings -> More Settings" to "Off".


+----------------------------------------------------------------------------------+
; Parameter Settings for User Entity Instance: movement:MOVEMENT|frequency_move:FM ;
+----------------+-------+---------------------------------------------------------+
; Parameter Name ; Value ; Type                                                    ;
+----------------+-------+---------------------------------------------------------+
; move_time      ; 5     ; Signed Integer                                          ;
+----------------+-------+---------------------------------------------------------+
Note: In order to hide this table in the UI and the text report file, please set the "Show Parameter Settings in Synthesis Report" option in "Analysis and Synthesis Settings -> More Settings" to "Off".


+-------------------------------------------------------------------------------+
; Parameter Settings for User Entity Instance: movement:MOVEMENT|floor_types:FT ;
+----------------+-------+------------------------------------------------------+
; Parameter Name ; Value ; Type                                                 ;
+----------------+-------+------------------------------------------------------+
; labelF1        ; 00    ; Unsigned Binary                                      ;
; labelF2        ; 01    ; Unsigned Binary                                      ;
; labelF3        ; 10    ; Unsigned Binary                                      ;
+----------------+-------+------------------------------------------------------+
Note: In order to hide this table in the UI and the text report file, please set the "Show Parameter Settings in Synthesis Report" option in "Analysis and Synthesis Settings -> More Settings" to "Off".


+--------------------------------------------------------------------------+
; Parameter Settings for User Entity Instance: movement:MOVEMENT|goal:GOAL ;
+----------------+-------+-------------------------------------------------+
; Parameter Name ; Value ; Type                                            ;
+----------------+-------+-------------------------------------------------+
; labelF1        ; 00    ; Unsigned Binary                                 ;
; labelF2        ; 01    ; Unsigned Binary                                 ;
; labelF3        ; 10    ; Unsigned Binary                                 ;
+----------------+-------+-------------------------------------------------+
Note: In order to hide this table in the UI and the text report file, please set the "Show Parameter Settings in Synthesis Report" option in "Analysis and Synthesis Settings -> More Settings" to "Off".


+---------------------------------------------------------------------------+
; Parameter Settings for User Entity Instance: movement:MOVEMENT|buttons:BT ;
+----------------+-------+--------------------------------------------------+
; Parameter Name ; Value ; Type                                             ;
+----------------+-------+--------------------------------------------------+
; labelF1        ; 00    ; Unsigned Binary                                  ;
; labelF2        ; 01    ; Unsigned Binary                                  ;
; labelF3        ; 10    ; Unsigned Binary                                  ;
+----------------+-------+--------------------------------------------------+
Note: In order to hide this table in the UI and the text report file, please set the "Show Parameter Settings in Synthesis Report" option in "Analysis and Synthesis Settings -> More Settings" to "Off".


+------------------------------------------------------------------------------------------------------------+
; Analysis & Elaboration Settings                                                                            ;
+------------------------------------------------------------------+--------------------+--------------------+
; Option                                                           ; Setting            ; Default Value      ;
+------------------------------------------------------------------+--------------------+--------------------+
; Device                                                           ; EP4CE115F29C8L     ;                    ;
; Top-level entity name                                            ; TOP                ; design             ;
; Family name                                                      ; Cyclone IV E       ; Cyclone V          ;
; Use smart compilation                                            ; Off                ; Off                ;
; Enable parallel Assembler and Timing Analyzer during compilation ; On                 ; On                 ;
; Enable compact report table                                      ; Off                ; Off                ;
; Restructure Multiplexers                                         ; Auto               ; Auto               ;
; Create Debugging Nodes for IP Cores                              ; Off                ; Off                ;
; Preserve fewer node names                                        ; On                 ; On                 ;
; Intel FPGA IP Evaluation Mode                                    ; Enable             ; Enable             ;
; Verilog Version                                                  ; Verilog_2001       ; Verilog_2001       ;
; VHDL Version                                                     ; VHDL_1993          ; VHDL_1993          ;
; State Machine Processing                                         ; Auto               ; Auto               ;
; Safe State Machine                                               ; Off                ; Off                ;
; Extract Verilog State Machines                                   ; On                 ; On                 ;
; Extract VHDL State Machines                                      ; On                 ; On                 ;
; Ignore Verilog initial constructs                                ; Off                ; Off                ;
; Iteration limit for constant Verilog loops                       ; 5000               ; 5000               ;
; Iteration limit for non-constant Verilog loops                   ; 250                ; 250                ;
; Add Pass-Through Logic to Inferred RAMs                          ; On                 ; On                 ;
; Infer RAMs from Raw Logic                                        ; On                 ; On                 ;
; Parallel Synthesis                                               ; On                 ; On                 ;
; DSP Block Balancing                                              ; Auto               ; Auto               ;
; NOT Gate Push-Back                                               ; On                 ; On                 ;
; Power-Up Don't Care                                              ; On                 ; On                 ;
; Remove Redundant Logic Cells                                     ; Off                ; Off                ;
; Remove Duplicate Registers                                       ; On                 ; On                 ;
; Ignore CARRY Buffers                                             ; Off                ; Off                ;
; Ignore CASCADE Buffers                                           ; Off                ; Off                ;
; Ignore GLOBAL Buffers                                            ; Off                ; Off                ;
; Ignore ROW GLOBAL Buffers                                        ; Off                ; Off                ;
; Ignore LCELL Buffers                                             ; Off                ; Off                ;
; Ignore SOFT Buffers                                              ; On                 ; On                 ;
; Limit AHDL Integers to 32 Bits                                   ; Off                ; Off                ;
; Optimization Technique                                           ; Balanced           ; Balanced           ;
; Carry Chain Length                                               ; 70                 ; 70                 ;
; Auto Carry Chains                                                ; On                 ; On                 ;
; Auto Open-Drain Pins                                             ; On                 ; On                 ;
; Perform WYSIWYG Primitive Resynthesis                            ; Off                ; Off                ;
; Auto ROM Replacement                                             ; On                 ; On                 ;
; Auto RAM Replacement                                             ; On                 ; On                 ;
; Auto DSP Block Replacement                                       ; On                 ; On                 ;
; Auto Shift Register Replacement                                  ; Auto               ; Auto               ;
; Allow Shift Register Merging across Hierarchies                  ; Auto               ; Auto               ;
; Auto Clock Enable Replacement                                    ; On                 ; On                 ;
; Strict RAM Replacement                                           ; Off                ; Off                ;
; Allow Synchronous Control Signals                                ; On                 ; On                 ;
; Force Use of Synchronous Clear Signals                           ; Off                ; Off                ;
; Auto RAM Block Balancing                                         ; On                 ; On                 ;
; Auto RAM to Logic Cell Conversion                                ; Off                ; Off                ;
; Auto Resource Sharing                                            ; Off                ; Off                ;
; Allow Any RAM Size For Recognition                               ; Off                ; Off                ;
; Allow Any ROM Size For Recognition                               ; Off                ; Off                ;
; Allow Any Shift Register Size For Recognition                    ; Off                ; Off                ;
; Use LogicLock Constraints during Resource Balancing              ; On                 ; On                 ;
; Ignore translate_off and synthesis_off directives                ; Off                ; Off                ;
; Timing-Driven Synthesis                                          ; On                 ; On                 ;
; Report Parameter Settings                                        ; On                 ; On                 ;
; Report Source Assignments                                        ; On                 ; On                 ;
; Report Connectivity Checks                                       ; On                 ; On                 ;
; Ignore Maximum Fan-Out Assignments                               ; Off                ; Off                ;
; Synchronization Register Chain Length                            ; 2                  ; 2                  ;
; Power Optimization During Synthesis                              ; Normal compilation ; Normal compilation ;
; HDL message level                                                ; Level2             ; Level2             ;
; Suppress Register Optimization Related Messages                  ; Off                ; Off                ;
; Number of Removed Registers Reported in Synthesis Report         ; 5000               ; 5000               ;
; Number of Swept Nodes Reported in Synthesis Report               ; 5000               ; 5000               ;
; Number of Inverted Registers Reported in Synthesis Report        ; 100                ; 100                ;
; Clock MUX Protection                                             ; On                 ; On                 ;
; Auto Gated Clock Conversion                                      ; Off                ; Off                ;
; Block Design Naming                                              ; Auto               ; Auto               ;
; SDC constraint protection                                        ; Off                ; Off                ;
; Synthesis Effort                                                 ; Auto               ; Auto               ;
; Shift Register Replacement - Allow Asynchronous Clear Signal     ; On                 ; On                 ;
; Pre-Mapping Resynthesis Optimization                             ; Off                ; Off                ;
; Analysis & Synthesis Message Level                               ; Medium             ; Medium             ;
; Disable Register Merging Across Hierarchies                      ; Auto               ; Auto               ;
; Resource Aware Inference For Block RAM                           ; On                 ; On                 ;
+------------------------------------------------------------------+--------------------+--------------------+


+--------------------------------------------------------------------------------------------------------------------+
; Port Connectivity Checks: "movement:MOVEMENT|frequency_door:FD"                                                    ;
+----------+--------+----------+-------------------------------------------------------------------------------------+
; Port     ; Type   ; Severity ; Details                                                                             ;
+----------+--------+----------+-------------------------------------------------------------------------------------+
; door_clk ; Output ; Info     ; Connected to dangling logic. Logic that only feeds a dangling port will be removed. ;
+----------+--------+----------+-------------------------------------------------------------------------------------+


+---------------------------------+
; Analysis & Elaboration Messages ;
+---------------------------------+
Info: *******************************************************************
Info: Running Quartus Prime Analysis & Elaboration
    Info: Version 23.1std.1 Build 993 05/14/2024 SC Lite Edition
    Info: Processing started: Thu Aug 29 03:16:37 2024
Info: Command: quartus_map --read_settings_files=on --write_settings_files=off semestral -c design --analysis_and_elaboration
Warning (18236): Number of processors has not been specified which may cause overloading on shared machines.  Set the global assignment NUM_PARALLEL_PROCESSORS in your QSF to an appropriate value for best performance.
Info (20030): Parallel compilation is enabled and will use 16 of the 16 processors detected
Info (12021): Found 1 design units, including 1 entities, in source file /home/fontana/dev/ufba/ENGC40/semestral/weight_tb.v
    Info (12023): Found entity 1: weight_tb File: /home/fontana/dev/ufba/ENGC40/semestral/weight_tb.v Line: 1
Info (12021): Found 1 design units, including 1 entities, in source file /home/fontana/dev/ufba/ENGC40/semestral/weight.v
    Info (12023): Found entity 1: weight File: /home/fontana/dev/ufba/ENGC40/semestral/weight.v Line: 1
Info (12021): Found 1 design units, including 1 entities, in source file /home/fontana/dev/ufba/ENGC40/semestral/testbench.v
    Info (12023): Found entity 1: testbench File: /home/fontana/dev/ufba/ENGC40/semestral/testbench.v Line: 1
Info (12021): Found 1 design units, including 1 entities, in source file /home/fontana/dev/ufba/ENGC40/semestral/sos_tb.v
    Info (12023): Found entity 1: sos_handler_tb File: /home/fontana/dev/ufba/ENGC40/semestral/sos_tb.v Line: 1
Info (12021): Found 1 design units, including 1 entities, in source file /home/fontana/dev/ufba/ENGC40/semestral/sos.v
    Info (12023): Found entity 1: sos File: /home/fontana/dev/ufba/ENGC40/semestral/sos.v Line: 1
Info (12021): Found 1 design units, including 1 entities, in source file /home/fontana/dev/ufba/ENGC40/semestral/movement_tb.v
    Info (12023): Found entity 1: movement_tb File: /home/fontana/dev/ufba/ENGC40/semestral/movement_tb.v Line: 1
Info (12021): Found 1 design units, including 1 entities, in source file /home/fontana/dev/ufba/ENGC40/semestral/movement.v
    Info (12023): Found entity 1: movement File: /home/fontana/dev/ufba/ENGC40/semestral/movement.v Line: 1
Info (12021): Found 0 design units, including 0 entities, in source file /home/fontana/dev/ufba/ENGC40/semestral/led_disable.v
Info (12021): Found 1 design units, including 1 entities, in source file /home/fontana/dev/ufba/ENGC40/semestral/goal_tb.v
    Info (12023): Found entity 1: goal_tb File: /home/fontana/dev/ufba/ENGC40/semestral/goal_tb.v Line: 1
Warning (10261): Verilog HDL Event Control warning at goal.v(17): Event Control contains a complex event expression File: /home/fontana/dev/ufba/ENGC40/semestral/goal.v Line: 17
Info (12021): Found 1 design units, including 1 entities, in source file /home/fontana/dev/ufba/ENGC40/semestral/goal.v
    Info (12023): Found entity 1: goal File: /home/fontana/dev/ufba/ENGC40/semestral/goal.v Line: 1
Info (12021): Found 1 design units, including 1 entities, in source file /home/fontana/dev/ufba/ENGC40/semestral/frequency_tb.v
    Info (12023): Found entity 1: frequency_tb File: /home/fontana/dev/ufba/ENGC40/semestral/frequency_tb.v Line: 1
Info (12021): Found 1 design units, including 1 entities, in source file /home/fontana/dev/ufba/ENGC40/semestral/frequency_move.v
    Info (12023): Found entity 1: frequency_move File: /home/fontana/dev/ufba/ENGC40/semestral/frequency_move.v Line: 1
Info (12021): Found 1 design units, including 1 entities, in source file /home/fontana/dev/ufba/ENGC40/semestral/frequency_door.v
    Info (12023): Found entity 1: frequency_door File: /home/fontana/dev/ufba/ENGC40/semestral/frequency_door.v Line: 1
Info (12021): Found 1 design units, including 1 entities, in source file /home/fontana/dev/ufba/ENGC40/semestral/frequency.v
    Info (12023): Found entity 1: frequency File: /home/fontana/dev/ufba/ENGC40/semestral/frequency.v Line: 1
Info (12021): Found 1 design units, including 1 entities, in source file /home/fontana/dev/ufba/ENGC40/semestral/floor_types_tb.v
    Info (12023): Found entity 1: floor_types_tb File: /home/fontana/dev/ufba/ENGC40/semestral/floor_types_tb.v Line: 1
Info (12021): Found 1 design units, including 1 entities, in source file /home/fontana/dev/ufba/ENGC40/semestral/floor_types.v
    Info (12023): Found entity 1: floor_types File: /home/fontana/dev/ufba/ENGC40/semestral/floor_types.v Line: 1
Info (12021): Found 0 design units, including 0 entities, in source file /home/fontana/dev/ufba/ENGC40/semestral/emergency_tb.v
Info (12021): Found 1 design units, including 1 entities, in source file /home/fontana/dev/ufba/ENGC40/semestral/emergency.v
    Info (12023): Found entity 1: emergency File: /home/fontana/dev/ufba/ENGC40/semestral/emergency.v Line: 1
Info (12021): Found 1 design units, including 1 entities, in source file /home/fontana/dev/ufba/ENGC40/semestral/door_tb.v
    Info (12023): Found entity 1: door_tb File: /home/fontana/dev/ufba/ENGC40/semestral/door_tb.v Line: 1
Info (12021): Found 1 design units, including 1 entities, in source file /home/fontana/dev/ufba/ENGC40/semestral/door.v
    Info (12023): Found entity 1: door File: /home/fontana/dev/ufba/ENGC40/semestral/door.v Line: 1
Info (12021): Found 1 design units, including 1 entities, in source file /home/fontana/dev/ufba/ENGC40/semestral/design.v
    Info (12023): Found entity 1: TOP File: /home/fontana/dev/ufba/ENGC40/semestral/design.v Line: 1
Info (12021): Found 1 design units, including 1 entities, in source file /home/fontana/dev/ufba/ENGC40/semestral/delay_tb.v
    Info (12023): Found entity 1: delay_tb File: /home/fontana/dev/ufba/ENGC40/semestral/delay_tb.v Line: 1
Warning (10261): Verilog HDL Event Control warning at delay.v(9): Event Control contains a complex event expression File: /home/fontana/dev/ufba/ENGC40/semestral/delay.v Line: 9
Info (12021): Found 1 design units, including 1 entities, in source file /home/fontana/dev/ufba/ENGC40/semestral/delay.v
    Info (12023): Found entity 1: delay File: /home/fontana/dev/ufba/ENGC40/semestral/delay.v Line: 1
Info (12021): Found 1 design units, including 1 entities, in source file /home/fontana/dev/ufba/ENGC40/semestral/buttons_tb.v
    Info (12023): Found entity 1: buttons_tb File: /home/fontana/dev/ufba/ENGC40/semestral/buttons_tb.v Line: 1
Info (12021): Found 1 design units, including 1 entities, in source file /home/fontana/dev/ufba/ENGC40/semestral/buttons.v
    Info (12023): Found entity 1: buttons File: /home/fontana/dev/ufba/ENGC40/semestral/buttons.v Line: 1
Info (12127): Elaborating entity "TOP" for the top level hierarchy
Info (12128): Elaborating entity "frequency" for hierarchy "frequency:FREQUENCY" File: /home/fontana/dev/ufba/ENGC40/semestral/design.v Line: 41
Info (12128): Elaborating entity "movement" for hierarchy "movement:MOVEMENT" File: /home/fontana/dev/ufba/ENGC40/semestral/design.v Line: 57
Critical Warning (10237): Verilog HDL warning at movement.v(82): can't infer register for assignment in edge-triggered always construct because the clock isn't obvious. Generated combinational logic instead File: /home/fontana/dev/ufba/ENGC40/semestral/movement.v Line: 82
Info (12128): Elaborating entity "frequency_door" for hierarchy "movement:MOVEMENT|frequency_door:FD" File: /home/fontana/dev/ufba/ENGC40/semestral/movement.v Line: 36
Info (12128): Elaborating entity "frequency_move" for hierarchy "movement:MOVEMENT|frequency_move:FM" File: /home/fontana/dev/ufba/ENGC40/semestral/movement.v Line: 46
Info (12128): Elaborating entity "floor_types" for hierarchy "movement:MOVEMENT|floor_types:FT" File: /home/fontana/dev/ufba/ENGC40/semestral/movement.v Line: 53
Info (12128): Elaborating entity "door" for hierarchy "movement:MOVEMENT|door:DOOR" File: /home/fontana/dev/ufba/ENGC40/semestral/movement.v Line: 61
Info (12128): Elaborating entity "goal" for hierarchy "movement:MOVEMENT|goal:GOAL" File: /home/fontana/dev/ufba/ENGC40/semestral/movement.v Line: 69
Warning (10235): Verilog HDL Always Construct warning at goal.v(18): variable "floor" is read inside the Always Construct but isn't in the Always Construct's Event Control File: /home/fontana/dev/ufba/ENGC40/semestral/goal.v Line: 18
Warning (10235): Verilog HDL Always Construct warning at goal.v(30): variable "led3" is read inside the Always Construct but isn't in the Always Construct's Event Control File: /home/fontana/dev/ufba/ENGC40/semestral/goal.v Line: 30
Info (12128): Elaborating entity "buttons" for hierarchy "movement:MOVEMENT|buttons:BT" File: /home/fontana/dev/ufba/ENGC40/semestral/movement.v Line: 80
Critical Warning (10237): Verilog HDL warning at buttons.v(22): can't infer register for assignment in edge-triggered always construct because the clock isn't obvious. Generated combinational logic instead File: /home/fontana/dev/ufba/ENGC40/semestral/buttons.v Line: 22
Critical Warning (10237): Verilog HDL warning at buttons.v(23): can't infer register for assignment in edge-triggered always construct because the clock isn't obvious. Generated combinational logic instead File: /home/fontana/dev/ufba/ENGC40/semestral/buttons.v Line: 23
Critical Warning (10237): Verilog HDL warning at buttons.v(24): can't infer register for assignment in edge-triggered always construct because the clock isn't obvious. Generated combinational logic instead File: /home/fontana/dev/ufba/ENGC40/semestral/buttons.v Line: 24
Info (12128): Elaborating entity "emergency" for hierarchy "emergency:EMERGENCY" File: /home/fontana/dev/ufba/ENGC40/semestral/design.v Line: 65
Info (12128): Elaborating entity "sos" for hierarchy "emergency:EMERGENCY|sos:SOS" File: /home/fontana/dev/ufba/ENGC40/semestral/emergency.v Line: 15
Info (12128): Elaborating entity "weight" for hierarchy "emergency:EMERGENCY|weight:WEIGHT" File: /home/fontana/dev/ufba/ENGC40/semestral/emergency.v Line: 21
Warning (10230): Verilog HDL assignment warning at weight.v(18): truncated value with size 32 to match size of target (3) File: /home/fontana/dev/ufba/ENGC40/semestral/weight.v Line: 18
Warning (10230): Verilog HDL assignment warning at weight.v(20): truncated value with size 32 to match size of target (3) File: /home/fontana/dev/ufba/ENGC40/semestral/weight.v Line: 20
Info: Quartus Prime Analysis & Elaboration was successful. 0 errors, 11 warnings
    Info: Peak virtual memory: 646 megabytes
    Info: Processing ended: Thu Aug 29 03:16:43 2024
    Info: Elapsed time: 00:00:06
    Info: Total CPU time (on all processors): 00:00:18


