------------------------------------------------------------
Timing Analyzer Summary
------------------------------------------------------------

Type  : Slow 1200mV 85C Model Setup 'frequency:FREQUENCY|clk'
Slack : -6.139
TNS   : -175.657

Type  : Slow 1200mV 85C Model Setup 'weight_flip'
Slack : -5.309
TNS   : -170.221

Type  : Slow 1200mV 85C Model Setup 'movement:MOVEMENT|frequency_move:FM|move_clk'
Slack : -4.300
TNS   : -8.579

Type  : Slow 1200mV 85C Model Setup 'clk_50'
Slack : -3.728
TNS   : -94.016

Type  : Slow 1200mV 85C Model Setup 'button_reset_pushed'
Slack : -2.716
TNS   : -5.360

Type  : Slow 1200mV 85C Model Hold 'movement:MOVEMENT|frequency_move:FM|move_clk'
Slack : 0.440
TNS   : 0.000

Type  : Slow 1200mV 85C Model Hold 'weight_flip'
Slack : 0.440
TNS   : 0.000

Type  : Slow 1200mV 85C Model Hold 'frequency:FREQUENCY|clk'
Slack : 0.442
TNS   : 0.000

Type  : Slow 1200mV 85C Model Hold 'button_reset_pushed'
Slack : 0.511
TNS   : 0.000

Type  : Slow 1200mV 85C Model Hold 'clk_50'
Slack : 0.632
TNS   : 0.000

Type  : Slow 1200mV 85C Model Recovery 'frequency:FREQUENCY|clk'
Slack : -1.468
TNS   : -3.882

Type  : Slow 1200mV 85C Model Recovery 'weight_flip'
Slack : -1.346
TNS   : -40.258

Type  : Slow 1200mV 85C Model Recovery 'movement:MOVEMENT|frequency_move:FM|move_clk'
Slack : -0.989
TNS   : -1.978

Type  : Slow 1200mV 85C Model Removal 'frequency:FREQUENCY|clk'
Slack : 0.989
TNS   : 0.000

Type  : Slow 1200mV 85C Model Removal 'movement:MOVEMENT|frequency_move:FM|move_clk'
Slack : 1.048
TNS   : 0.000

Type  : Slow 1200mV 85C Model Removal 'weight_flip'
Slack : 1.058
TNS   : 0.000

Type  : Slow 1200mV 85C Model Minimum Pulse Width 'clk_50'
Slack : -3.000
TNS   : -45.405

Type  : Slow 1200mV 85C Model Minimum Pulse Width 'weight_flip'
Slack : -3.000
TNS   : -45.405

Type  : Slow 1200mV 85C Model Minimum Pulse Width 'button_reset_pushed'
Slack : -3.000
TNS   : -3.000

Type  : Slow 1200mV 85C Model Minimum Pulse Width 'frequency:FREQUENCY|clk'
Slack : -1.285
TNS   : -38.550

Type  : Slow 1200mV 85C Model Minimum Pulse Width 'movement:MOVEMENT|frequency_move:FM|move_clk'
Slack : -1.285
TNS   : -2.570

Type  : Slow 1200mV 0C Model Setup 'frequency:FREQUENCY|clk'
Slack : -5.632
TNS   : -159.902

Type  : Slow 1200mV 0C Model Setup 'weight_flip'
Slack : -4.712
TNS   : -151.592

Type  : Slow 1200mV 0C Model Setup 'movement:MOVEMENT|frequency_move:FM|move_clk'
Slack : -3.813
TNS   : -7.620

Type  : Slow 1200mV 0C Model Setup 'clk_50'
Slack : -3.368
TNS   : -84.216

Type  : Slow 1200mV 0C Model Setup 'button_reset_pushed'
Slack : -2.358
TNS   : -4.703

Type  : Slow 1200mV 0C Model Hold 'movement:MOVEMENT|frequency_move:FM|move_clk'
Slack : 0.387
TNS   : 0.000

Type  : Slow 1200mV 0C Model Hold 'weight_flip'
Slack : 0.387
TNS   : 0.000

Type  : Slow 1200mV 0C Model Hold 'frequency:FREQUENCY|clk'
Slack : 0.399
TNS   : 0.000

Type  : Slow 1200mV 0C Model Hold 'button_reset_pushed'
Slack : 0.476
TNS   : 0.000

Type  : Slow 1200mV 0C Model Hold 'clk_50'
Slack : 0.577
TNS   : 0.000

Type  : Slow 1200mV 0C Model Recovery 'frequency:FREQUENCY|clk'
Slack : -1.338
TNS   : -3.561

Type  : Slow 1200mV 0C Model Recovery 'weight_flip'
Slack : -1.117
TNS   : -33.245

Type  : Slow 1200mV 0C Model Recovery 'movement:MOVEMENT|frequency_move:FM|move_clk'
Slack : -0.809
TNS   : -1.618

Type  : Slow 1200mV 0C Model Removal 'weight_flip'
Slack : 0.893
TNS   : 0.000

Type  : Slow 1200mV 0C Model Removal 'frequency:FREQUENCY|clk'
Slack : 0.985
TNS   : 0.000

Type  : Slow 1200mV 0C Model Removal 'movement:MOVEMENT|frequency_move:FM|move_clk'
Slack : 0.990
TNS   : 0.000

Type  : Slow 1200mV 0C Model Minimum Pulse Width 'clk_50'
Slack : -3.000
TNS   : -45.405

Type  : Slow 1200mV 0C Model Minimum Pulse Width 'weight_flip'
Slack : -3.000
TNS   : -45.405

Type  : Slow 1200mV 0C Model Minimum Pulse Width 'button_reset_pushed'
Slack : -3.000
TNS   : -3.000

Type  : Slow 1200mV 0C Model Minimum Pulse Width 'frequency:FREQUENCY|clk'
Slack : -1.285
TNS   : -38.550

Type  : Slow 1200mV 0C Model Minimum Pulse Width 'movement:MOVEMENT|frequency_move:FM|move_clk'
Slack : -1.285
TNS   : -2.570

Type  : Fast 1200mV 0C Model Setup 'frequency:FREQUENCY|clk'
Slack : -2.615
TNS   : -69.068

Type  : Fast 1200mV 0C Model Setup 'weight_flip'
Slack : -2.267
TNS   : -67.899

Type  : Fast 1200mV 0C Model Setup 'movement:MOVEMENT|frequency_move:FM|move_clk'
Slack : -1.652
TNS   : -3.292

Type  : Fast 1200mV 0C Model Setup 'clk_50'
Slack : -1.425
TNS   : -28.369

Type  : Fast 1200mV 0C Model Setup 'button_reset_pushed'
Slack : -1.118
TNS   : -2.160

Type  : Fast 1200mV 0C Model Hold 'button_reset_pushed'
Slack : 0.190
TNS   : 0.000

Type  : Fast 1200mV 0C Model Hold 'frequency:FREQUENCY|clk'
Slack : 0.199
TNS   : 0.000

Type  : Fast 1200mV 0C Model Hold 'movement:MOVEMENT|frequency_move:FM|move_clk'
Slack : 0.201
TNS   : 0.000

Type  : Fast 1200mV 0C Model Hold 'weight_flip'
Slack : 0.201
TNS   : 0.000

Type  : Fast 1200mV 0C Model Hold 'clk_50'
Slack : 0.287
TNS   : 0.000

Type  : Fast 1200mV 0C Model Recovery 'weight_flip'
Slack : -0.778
TNS   : -23.594

Type  : Fast 1200mV 0C Model Recovery 'frequency:FREQUENCY|clk'
Slack : -0.718
TNS   : -1.918

Type  : Fast 1200mV 0C Model Recovery 'movement:MOVEMENT|frequency_move:FM|move_clk'
Slack : -0.623
TNS   : -1.246

Type  : Fast 1200mV 0C Model Removal 'frequency:FREQUENCY|clk'
Slack : 0.362
TNS   : 0.000

Type  : Fast 1200mV 0C Model Removal 'movement:MOVEMENT|frequency_move:FM|move_clk'
Slack : 0.463
TNS   : 0.000

Type  : Fast 1200mV 0C Model Removal 'weight_flip'
Slack : 0.580
TNS   : 0.000

Type  : Fast 1200mV 0C Model Minimum Pulse Width 'weight_flip'
Slack : -3.000
TNS   : -42.970

Type  : Fast 1200mV 0C Model Minimum Pulse Width 'clk_50'
Slack : -3.000
TNS   : -38.030

Type  : Fast 1200mV 0C Model Minimum Pulse Width 'button_reset_pushed'
Slack : -3.000
TNS   : -3.114

Type  : Fast 1200mV 0C Model Minimum Pulse Width 'frequency:FREQUENCY|clk'
Slack : -1.000
TNS   : -30.000

Type  : Fast 1200mV 0C Model Minimum Pulse Width 'movement:MOVEMENT|frequency_move:FM|move_clk'
Slack : -1.000
TNS   : -2.000

------------------------------------------------------------
