------------------------------------------------------------
Timing Analyzer Summary
------------------------------------------------------------

Type  : Slow 1200mV 85C Model Setup 'frequency:FREQUENCY|clk'
Slack : -6.343
TNS   : -181.433

Type  : Slow 1200mV 85C Model Setup 'weight_flip'
Slack : -5.437
TNS   : -174.920

Type  : Slow 1200mV 85C Model Setup 'movement:MOVEMENT|frequency_move:FM|move_clk'
Slack : -4.226
TNS   : -8.437

Type  : Slow 1200mV 85C Model Setup 'clk_50'
Slack : -3.693
TNS   : -92.877

Type  : Slow 1200mV 85C Model Setup 'button_reset_pushed'
Slack : -3.591
TNS   : -6.994

Type  : Slow 1200mV 85C Model Hold 'movement:MOVEMENT|frequency_move:FM|move_clk'
Slack : 0.440
TNS   : 0.000

Type  : Slow 1200mV 85C Model Hold 'weight_flip'
Slack : 0.440
TNS   : 0.000

Type  : Slow 1200mV 85C Model Hold 'frequency:FREQUENCY|clk'
Slack : 0.442
TNS   : 0.000

Type  : Slow 1200mV 85C Model Hold 'clk_50'
Slack : 0.632
TNS   : 0.000

Type  : Slow 1200mV 85C Model Hold 'button_reset_pushed'
Slack : 0.909
TNS   : 0.000

Type  : Slow 1200mV 85C Model Recovery 'frequency:FREQUENCY|clk'
Slack : -1.818
TNS   : -5.220

Type  : Slow 1200mV 85C Model Recovery 'movement:MOVEMENT|frequency_move:FM|move_clk'
Slack : -1.107
TNS   : -2.214

Type  : Slow 1200mV 85C Model Recovery 'weight_flip'
Slack : -1.025
TNS   : -28.521

Type  : Slow 1200mV 85C Model Removal 'weight_flip'
Slack : 0.628
TNS   : 0.000

Type  : Slow 1200mV 85C Model Removal 'movement:MOVEMENT|frequency_move:FM|move_clk'
Slack : 1.174
TNS   : 0.000

Type  : Slow 1200mV 85C Model Removal 'frequency:FREQUENCY|clk'
Slack : 1.409
TNS   : 0.000

Type  : Slow 1200mV 85C Model Minimum Pulse Width 'clk_50'
Slack : -3.000
TNS   : -45.405

Type  : Slow 1200mV 85C Model Minimum Pulse Width 'weight_flip'
Slack : -3.000
TNS   : -45.405

Type  : Slow 1200mV 85C Model Minimum Pulse Width 'button_reset_pushed'
Slack : -3.000
TNS   : -3.000

Type  : Slow 1200mV 85C Model Minimum Pulse Width 'frequency:FREQUENCY|clk'
Slack : -1.285
TNS   : -38.550

Type  : Slow 1200mV 85C Model Minimum Pulse Width 'movement:MOVEMENT|frequency_move:FM|move_clk'
Slack : -1.285
TNS   : -2.570

Type  : Slow 1200mV 0C Model Setup 'frequency:FREQUENCY|clk'
Slack : -5.849
TNS   : -165.313

Type  : Slow 1200mV 0C Model Setup 'weight_flip'
Slack : -4.820
TNS   : -154.485

Type  : Slow 1200mV 0C Model Setup 'movement:MOVEMENT|frequency_move:FM|move_clk'
Slack : -3.773
TNS   : -7.534

Type  : Slow 1200mV 0C Model Setup 'clk_50'
Slack : -3.343
TNS   : -83.007

Type  : Slow 1200mV 0C Model Setup 'button_reset_pushed'
Slack : -3.232
TNS   : -6.257

Type  : Slow 1200mV 0C Model Hold 'weight_flip'
Slack : 0.384
TNS   : 0.000

Type  : Slow 1200mV 0C Model Hold 'movement:MOVEMENT|frequency_move:FM|move_clk'
Slack : 0.387
TNS   : 0.000

Type  : Slow 1200mV 0C Model Hold 'frequency:FREQUENCY|clk'
Slack : 0.398
TNS   : 0.000

Type  : Slow 1200mV 0C Model Hold 'clk_50'
Slack : 0.577
TNS   : 0.000

Type  : Slow 1200mV 0C Model Hold 'button_reset_pushed'
Slack : 0.846
TNS   : 0.000

Type  : Slow 1200mV 0C Model Recovery 'frequency:FREQUENCY|clk'
Slack : -1.655
TNS   : -4.743

Type  : Slow 1200mV 0C Model Recovery 'movement:MOVEMENT|frequency_move:FM|move_clk'
Slack : -0.945
TNS   : -1.890

Type  : Slow 1200mV 0C Model Recovery 'weight_flip'
Slack : -0.837
TNS   : -22.541

Type  : Slow 1200mV 0C Model Removal 'weight_flip'
Slack : 0.507
TNS   : 0.000

Type  : Slow 1200mV 0C Model Removal 'movement:MOVEMENT|frequency_move:FM|move_clk'
Slack : 1.121
TNS   : 0.000

Type  : Slow 1200mV 0C Model Removal 'frequency:FREQUENCY|clk'
Slack : 1.352
TNS   : 0.000

Type  : Slow 1200mV 0C Model Minimum Pulse Width 'clk_50'
Slack : -3.000
TNS   : -45.405

Type  : Slow 1200mV 0C Model Minimum Pulse Width 'weight_flip'
Slack : -3.000
TNS   : -45.405

Type  : Slow 1200mV 0C Model Minimum Pulse Width 'button_reset_pushed'
Slack : -3.000
TNS   : -3.000

Type  : Slow 1200mV 0C Model Minimum Pulse Width 'frequency:FREQUENCY|clk'
Slack : -1.285
TNS   : -38.550

Type  : Slow 1200mV 0C Model Minimum Pulse Width 'movement:MOVEMENT|frequency_move:FM|move_clk'
Slack : -1.285
TNS   : -2.570

Type  : Fast 1200mV 0C Model Setup 'frequency:FREQUENCY|clk'
Slack : -2.768
TNS   : -73.360

Type  : Fast 1200mV 0C Model Setup 'weight_flip'
Slack : -2.168
TNS   : -70.328

Type  : Fast 1200mV 0C Model Setup 'movement:MOVEMENT|frequency_move:FM|move_clk'
Slack : -1.615
TNS   : -3.224

Type  : Fast 1200mV 0C Model Setup 'button_reset_pushed'
Slack : -1.502
TNS   : -2.876

Type  : Fast 1200mV 0C Model Setup 'clk_50'
Slack : -1.324
TNS   : -27.180

Type  : Fast 1200mV 0C Model Hold 'frequency:FREQUENCY|clk'
Slack : 0.199
TNS   : 0.000

Type  : Fast 1200mV 0C Model Hold 'movement:MOVEMENT|frequency_move:FM|move_clk'
Slack : 0.201
TNS   : 0.000

Type  : Fast 1200mV 0C Model Hold 'weight_flip'
Slack : 0.201
TNS   : 0.000

Type  : Fast 1200mV 0C Model Hold 'clk_50'
Slack : 0.287
TNS   : 0.000

Type  : Fast 1200mV 0C Model Hold 'button_reset_pushed'
Slack : 0.398
TNS   : 0.000

Type  : Fast 1200mV 0C Model Recovery 'frequency:FREQUENCY|clk'
Slack : -0.963
TNS   : -2.762

Type  : Fast 1200mV 0C Model Recovery 'movement:MOVEMENT|frequency_move:FM|move_clk'
Slack : -0.651
TNS   : -1.302

Type  : Fast 1200mV 0C Model Recovery 'weight_flip'
Slack : -0.626
TNS   : -18.286

Type  : Fast 1200mV 0C Model Removal 'weight_flip'
Slack : 0.351
TNS   : 0.000

Type  : Fast 1200mV 0C Model Removal 'movement:MOVEMENT|frequency_move:FM|move_clk'
Slack : 0.520
TNS   : 0.000

Type  : Fast 1200mV 0C Model Removal 'frequency:FREQUENCY|clk'
Slack : 0.581
TNS   : 0.000

Type  : Fast 1200mV 0C Model Minimum Pulse Width 'weight_flip'
Slack : -3.000
TNS   : -42.682

Type  : Fast 1200mV 0C Model Minimum Pulse Width 'clk_50'
Slack : -3.000
TNS   : -38.046

Type  : Fast 1200mV 0C Model Minimum Pulse Width 'button_reset_pushed'
Slack : -3.000
TNS   : -3.000

Type  : Fast 1200mV 0C Model Minimum Pulse Width 'frequency:FREQUENCY|clk'
Slack : -1.000
TNS   : -30.000

Type  : Fast 1200mV 0C Model Minimum Pulse Width 'movement:MOVEMENT|frequency_move:FM|move_clk'
Slack : -1.000
TNS   : -2.000

------------------------------------------------------------
